[Fri Apr 20 14:02:10.076077 2018] [:error] [pid 15136] [client 127.0.0.1:33030] script '/var/www/apache/html/rss.php' not found or unable to stat
[Fri Apr 20 14:02:10.652512 2018] [:error] [pid 15134] [client 127.0.0.1:33032] script '/var/www/apache/html/wp-login.php' not found or unable to stat
[Fri Apr 20 14:48:49.911315 2018] [:error] [pid 15134] [client 127.0.0.1:33042] script '/var/www/apache/html/rss.php' not found or unable to stat
[Fri Apr 20 14:48:50.035789 2018] [:error] [pid 15133] [client 127.0.0.1:33044] script '/var/www/apache/html/wp-login.php' not found or unable to stat
[Fri Apr 20 15:58:25.873600 2018] [:error] [pid 15133] [client 127.0.0.1:33064] script '/var/www/apache/html/rss.php' not found or unable to stat
[Fri Apr 20 15:58:26.534903 2018] [:error] [pid 15132] [client 127.0.0.1:33066] script '/var/www/apache/html/wp-login.php' not found or unable to stat
[Fri Apr 20 17:18:10.450170 2018] [:error] [pid 15135] [client 127.0.0.1:33076] script '/var/www/apache/html/rss.php' not found or unable to stat
[Fri Apr 20 17:18:10.488466 2018] [:error] [pid 15136] [client 127.0.0.1:33078] script '/var/www/apache/html/wp-login.php' not found or unable to stat
[Fri Apr 20 18:54:36.583924 2018] [:error] [pid 15134] [client 127.0.0.1:33090] script '/var/www/apache/html/rss.php' not found or unable to stat
[Fri Apr 20 22:19:40.772103 2018] [:error] [pid 15134] [client 127.0.0.1:33100] script '/var/www/apache/html/rss.php' not found or unable to stat
[Sat Apr 21 01:46:51.370501 2018] [:error] [pid 15133] [client 127.0.0.1:33122] script '/var/www/apache/html/wp-login.php' not found or unable to stat
[Sat Apr 21 04:25:21.544627 2018] [:error] [pid 18784] [client 127.0.0.1:33150] script '/var/www/apache/html/command.php' not found or unable to stat
[Sat Apr 21 04:54:52.324627 2018] [:error] [pid 15135] [client 127.0.0.1:33164] script '/var/www/apache/html/rss.php' not found or unable to stat
[Sat Apr 21 04:54:52.698730 2018] [:error] [pid 15136] [client 127.0.0.1:33166] script '/var/www/apache/html/wp-login.php' not found or unable to stat
[Sat Apr 21 05:23:42.698564 2018] [:error] [pid 15135] [client 127.0.0.1:33176] script '/var/www/apache/html/rss.php' not found or unable to stat
[Sat Apr 21 05:49:16.852175 2018] [:error] [pid 15136] [client 127.0.0.1:33190] script '/var/www/apache/html/rss.php' not found or unable to stat
[Sat Apr 21 05:49:17.212891 2018] [:error] [pid 15134] [client 127.0.0.1:33192] script '/var/www/apache/html/wp-login.php' not found or unable to stat
[Sat Apr 21 06:51:16.511870 2018] [:error] [pid 21098] [client 127.0.0.1:33204] script '/var/www/apache/html/rss.php' not found or unable to stat
[Sat Apr 21 06:51:16.884091 2018] [:error] [pid 21097] [client 127.0.0.1:33206] script '/var/www/apache/html/wp-login.php' not found or unable to stat
[Sat Apr 21 08:16:32.677792 2018] [:error] [pid 21099] [client 127.0.0.1:33216] script '/var/www/apache/html/rss.php' not found or unable to stat
[Sat Apr 21 09:42:26.271215 2018] [:error] [pid 21099] [client 127.0.0.1:33226] script '/var/www/apache/html/rss.php' not found or unable to stat
[Sat Apr 21 10:45:20.288457 2018] [:error] [pid 21097] [client 127.0.0.1:33244] script '/var/www/apache/html/rss.php' not found or unable to stat
[Sat Apr 21 10:45:20.456956 2018] [:error] [pid 21099] [client 127.0.0.1:33246] script '/var/www/apache/html/wp-login.php' not found or unable to stat
[Sat Apr 21 11:36:30.439070 2018] [:error] [pid 21099] [client 127.0.0.1:33258] script '/var/www/apache/html/rss.php' not found or unable to stat
[Sat Apr 21 11:36:30.581911 2018] [:error] [pid 21106] [client 127.0.0.1:33260] script '/var/www/apache/html/wp-login.php' not found or unable to stat
[Sat Apr 21 12:30:47.513520 2018] [:error] [pid 21107] [client 127.0.0.1:33272] script '/var/www/apache/html/rss.php' not found or unable to stat
[Sat Apr 21 12:30:47.895683 2018] [:error] [pid 21098] [client 127.0.0.1:33274] script '/var/www/apache/html/wp-login.php' not found or unable to stat
[Sat Apr 21 12:35:33.186538 2018] [:error] [pid 21098] [client 127.0.0.1:33284] script '/var/www/apache/html/rss.php' not found or unable to stat
[Sat Apr 21 12:35:33.466421 2018] [:error] [pid 21097] [client 127.0.0.1:33286] script '/var/www/apache/html/wp-login.php' not found or unable to stat
[Sat Apr 21 12:48:48.864114 2018] [:error] [pid 21099] [client 127.0.0.1:33298] script '/var/www/apache/html/rss.php' not found or unable to stat
[Sat Apr 21 12:48:49.312380 2018] [:error] [pid 21106] [client 127.0.0.1:33300] script '/var/www/apache/html/wp-login.php' not found or unable to stat
[Sat Apr 21 12:52:38.385935 2018] [:error] [pid 21106] [client 127.0.0.1:33310] script '/var/www/apache/html/rss.php' not found or unable to stat
[Sat Apr 21 22:16:44.794046 2018] [:error] [pid 21106] [client 127.0.0.1:33456] script '/var/www/apache/html/rss.php' not found or unable to stat
[Sat Apr 21 22:28:29.750864 2018] [:error] [pid 21107] [client 127.0.0.1:33466] script '/var/www/apache/html/rss.php' not found or unable to stat
[Sun Apr 22 00:19:16.873332 2018] [:error] [pid 21106] [client 127.0.0.1:33480] script '/var/www/apache/html/rss.php' not found or unable to stat
[Sun Apr 22 00:19:17.000171 2018] [:error] [pid 23155] [client 127.0.0.1:33482] script '/var/www/apache/html/wp-login.php' not found or unable to stat
[Sun Apr 22 01:03:15.085535 2018] [:error] [pid 21097] [client 127.0.0.1:33500] script '/var/www/apache/html/rss.php' not found or unable to stat
[Sun Apr 22 01:03:15.357734 2018] [:error] [pid 21107] [client 127.0.0.1:33502] script '/var/www/apache/html/rss.php' not found or unable to stat, referer: 54.68.88.61
[Sun Apr 22 01:03:15.640750 2018] [:error] [pid 21106] [client 127.0.0.1:33504] script '/var/www/apache/html/wp-login.php' not found or unable to stat
[Sun Apr 22 01:16:00.576582 2018] [:error] [pid 21106] [client 127.0.0.1:33520] script '/var/www/apache/html/rss.php' not found or unable to stat
[Sun Apr 22 01:16:00.958989 2018] [:error] [pid 23155] [client 127.0.0.1:33522] script '/var/www/apache/html/wp-login.php' not found or unable to stat
[Sun Apr 22 02:45:10.462267 2018] [:error] [pid 21099] [client 127.0.0.1:33532] script '/var/www/apache/html/rss.php' not found or unable to stat
[Sun Apr 22 02:45:10.479813 2018] [:error] [pid 21098] [client 127.0.0.1:33534] script '/var/www/apache/html/wp-login.php' not found or unable to stat
[Sun Apr 22 02:56:14.953343 2018] [:error] [pid 21099] [client 127.0.0.1:33544] script '/var/www/apache/html/rss.php' not found or unable to stat
[Sun Apr 22 02:56:15.153454 2018] [:error] [pid 21098] [client 127.0.0.1:33546] script '/var/www/apache/html/wp-login.php' not found or unable to stat
[Sun Apr 22 04:09:21.810947 2018] [:error] [pid 21098] [client 127.0.0.1:33642] script '/var/www/apache/html/rss.php' not found or unable to stat
[Sun Apr 22 05:11:40.881377 2018] [:error] [pid 21099] [client 127.0.0.1:33664] script '/var/www/apache/html/rss.php' not found or unable to stat
[Sun Apr 22 05:27:50.449875 2018] [:error] [pid 21099] [client 127.0.0.1:33676] script '/var/www/apache/html/rss.php' not found or unable to stat
[Sun Apr 22 05:45:07.202097 2018] [:error] [pid 21099] [client 127.0.0.1:33688] script '/var/www/apache/html/rss.php' not found or unable to stat
[Sun Apr 22 05:45:07.702285 2018] [:error] [pid 21098] [client 127.0.0.1:33690] script '/var/www/apache/html/wp-login.php' not found or unable to stat
[Mon Apr 23 03:10:22.807272 2018] [:error] [pid 28052] [client 127.0.0.1:33900] script '/var/www/apache/html/rss.php' not found or unable to stat
[Mon Apr 23 10:29:51.344076 2018] [:error] [pid 30156] [client 127.0.0.1:33966] script '/var/www/apache/html/rss.php' not found or unable to stat
[Mon Apr 23 10:44:33.751210 2018] [:error] [pid 30156] [client 127.0.0.1:33976] script '/var/www/apache/html/rss.php' not found or unable to stat
[Mon Apr 23 11:22:42.397472 2018] [:error] [pid 31043] [client 127.0.0.1:33988] script '/var/www/apache/html/rss.php' not found or unable to stat
[Mon Apr 23 11:22:42.788431 2018] [:error] [pid 30157] [client 127.0.0.1:33990] script '/var/www/apache/html/wp-login.php' not found or unable to stat
[Mon Apr 23 11:35:18.333980 2018] [:error] [pid 30157] [client 127.0.0.1:34002] script '/var/www/apache/html/rss.php' not found or unable to stat
[Mon Apr 23 11:37:26.638968 2018] [:error] [pid 31043] [client 127.0.0.1:34012] script '/var/www/apache/html/rss.php' not found or unable to stat
[Mon Apr 23 11:37:26.910637 2018] [:error] [pid 30157] [client 127.0.0.1:34014] script '/var/www/apache/html/wp-login.php' not found or unable to stat
[Mon Apr 23 12:37:52.736653 2018] [:error] [pid 31043] [client 127.0.0.1:34024] script '/var/www/apache/html/rss.php' not found or unable to stat
[Mon Apr 23 12:37:56.366140 2018] [:error] [pid 30157] [client 127.0.0.1:34026] script '/var/www/apache/html/wp-login.php' not found or unable to stat
[Mon Apr 23 13:34:16.209011 2018] [:error] [pid 31043] [client 127.0.0.1:34072] script '/var/www/apache/html/rss.php' not found or unable to stat
[Mon Apr 23 13:34:17.572324 2018] [:error] [pid 30157] [client 127.0.0.1:34074] script '/var/www/apache/html/wp-login.php' not found or unable to stat
[Mon Apr 23 16:57:53.151506 2018] [:error] [pid 30155] [client 127.0.0.1:34292] script '/var/www/apache/html/rss.php' not found or unable to stat
[Mon Apr 23 16:57:53.600847 2018] [:error] [pid 30154] [client 127.0.0.1:34294] script '/var/www/apache/html/wp-login.php' not found or unable to stat
[Mon Apr 23 19:07:55.905984 2018] [:error] [pid 30154] [client 127.0.0.1:34418] script '/var/www/apache/html/rss.php' not found or unable to stat
[Mon Apr 23 19:07:56.404342 2018] [:error] [pid 30153] [client 127.0.0.1:34420] script '/var/www/apache/html/wp-login.php' not found or unable to stat
[Mon Apr 23 20:38:43.578334 2018] [:error] [pid 30155] [client 127.0.0.1:34452] script '/var/www/apache/html/rss.php' not found or unable to stat
[Mon Apr 23 20:38:43.960231 2018] [:error] [pid 30154] [client 127.0.0.1:34454] script '/var/www/apache/html/wp-login.php' not found or unable to stat
[Mon Apr 23 21:06:08.491949 2018] [:error] [pid 30154] [client 127.0.0.1:34466] script '/var/www/apache/html/rss.php' not found or unable to stat
[Mon Apr 23 21:06:08.493997 2018] [:error] [pid 30153] [client 127.0.0.1:34468] script '/var/www/apache/html/wp-login.php' not found or unable to stat
[Mon Apr 23 22:43:28.902661 2018] [:error] [pid 30153] [client 127.0.0.1:34492] script '/var/www/apache/html/rss.php' not found or unable to stat
[Mon Apr 23 23:35:58.591266 2018] [:error] [pid 30154] [client 127.0.0.1:34502] script '/var/www/apache/html/rss.php' not found or unable to stat
[Mon Apr 23 23:35:59.079965 2018] [:error] [pid 30153] [client 127.0.0.1:34504] script '/var/www/apache/html/wp-login.php' not found or unable to stat
[Mon Apr 23 23:41:35.310962 2018] [:error] [pid 30154] [client 127.0.0.1:34514] script '/var/www/apache/html/rss.php' not found or unable to stat
[Mon Apr 23 23:41:35.679422 2018] [:error] [pid 30153] [client 127.0.0.1:34516] script '/var/www/apache/html/wp-login.php' not found or unable to stat
[Tue Apr 24 00:38:28.811290 2018] [:error] [pid 30154] [client 127.0.0.1:34526] script '/var/www/apache/html/rss.php' not found or unable to stat
[Tue Apr 24 00:38:29.052228 2018] [:error] [pid 30153] [client 127.0.0.1:34528] script '/var/www/apache/html/wp-login.php' not found or unable to stat
[Tue Apr 24 00:59:22.765410 2018] [:error] [pid 30154] [client 127.0.0.1:34538] script '/var/www/apache/html/rss.php' not found or unable to stat
[Tue Apr 24 00:59:23.165417 2018] [:error] [pid 30153] [client 127.0.0.1:34540] script '/var/www/apache/html/wp-login.php' not found or unable to stat
[Tue Apr 24 01:27:40.347322 2018] [:error] [pid 30154] [client 127.0.0.1:34550] script '/var/www/apache/html/rss.php' not found or unable to stat
[Tue Apr 24 02:36:39.453612 2018] [:error] [pid 30155] [client 127.0.0.1:34560] script '/var/www/apache/html/rss.php' not found or unable to stat
[Tue Apr 24 04:36:01.240767 2018] [:error] [pid 30156] [client 127.0.0.1:34576] script '/var/www/apache/html/rss.php' not found or unable to stat
[Tue Apr 24 04:36:40.223980 2018] [:error] [pid 30153] [client 127.0.0.1:34586] script '/var/www/apache/html/rss.php' not found or unable to stat
[Tue Apr 24 04:36:40.583720 2018] [:error] [pid 30156] [client 127.0.0.1:34588] script '/var/www/apache/html/wp-login.php' not found or unable to stat
[Tue Apr 24 07:03:39.551265 2018] [:error] [pid 2762] [client 127.0.0.1:34606] script '/var/www/apache/html/rss.php' not found or unable to stat
[Tue Apr 24 09:56:44.594217 2018] [:error] [pid 2762] [client 127.0.0.1:34696] script '/var/www/apache/html/rss.php' not found or unable to stat
[Tue Apr 24 09:56:44.993277 2018] [:error] [pid 2763] [client 127.0.0.1:34698] script '/var/www/apache/html/wp-login.php' not found or unable to stat
[Tue Apr 24 18:18:49.888441 2018] [:error] [pid 13498] [client 127.0.0.1:34744] script '/var/www/apache/html/rss.php' not found or unable to stat
[Tue Apr 24 18:18:50.327794 2018] [:error] [pid 2764] [client 127.0.0.1:34746] script '/var/www/apache/html/wp-login.php' not found or unable to stat
[Tue Apr 24 18:19:40.668722 2018] [:error] [pid 13498] [client 127.0.0.1:34756] script '/var/www/apache/html/rss.php' not found or unable to stat
[Tue Apr 24 18:19:41.044610 2018] [:error] [pid 2764] [client 127.0.0.1:34758] script '/var/www/apache/html/wp-login.php' not found or unable to stat
[Wed Apr 25 01:38:34.027902 2018] [:error] [pid 2765] [client 127.0.0.1:34932] script '/var/www/apache/html/rss.php' not found or unable to stat
[Fri Apr 27 08:13:54.039301 2018] [:error] [pid 26587] [client 127.0.0.1:35872] script '/var/www/apache/html/getcfg.php' not found or unable to stat
[Fri Apr 27 08:14:00.506922 2018] [:error] [pid 26591] [client 127.0.0.1:35874] script '/var/www/apache/html/getcfg.php' not found or unable to stat
[Sun Apr 29 16:42:06.660630 2018] [:error] [pid 4569] [client 127.0.0.1:36852] script '/var/www/apache/html/admin.php' not found or unable to stat
[Mon Apr 30 16:05:04.008684 2018] [:error] [pid 9906] [client 127.0.0.1:37002] script '/var/www/apache/html/admin.php' not found or unable to stat
[Tue May 01 15:05:46.085416 2018] [:error] [pid 14774] [client 127.0.0.1:37362] script '/var/www/apache/html/admin.php' not found or unable to stat
[Wed May 02 15:01:34.788259 2018] [:error] [pid 20317] [client 127.0.0.1:37862] script '/var/www/apache/html/command.php' not found or unable to stat
[Thu May 10 11:25:14.659643 2018] [:error] [pid 5158] [client 127.0.0.1:45296] script '/var/www/apache/html/getcfg.php' not found or unable to stat
[Thu May 10 11:25:21.181722 2018] [:error] [pid 5162] [client 127.0.0.1:45298] script '/var/www/apache/html/getcfg.php' not found or unable to stat
[Sun May 13 01:47:04.858264 2018] [:error] [pid 15801] [client 127.0.0.1:47170] script '/var/www/apache/html/lfm.php' not found or unable to stat
[Tue May 15 07:54:25.921644 2018] [:error] [pid 31822] [client 127.0.0.1:48368] script '/var/www/apache/html/redirect.php' not found or unable to stat
[Wed May 16 04:58:18.307522 2018] [:error] [pid 31820] [client 127.0.0.1:48796] script '/var/www/apache/html/command.php' not found or unable to stat
[Fri May 25 10:19:14.960829 2018] [:error] [pid 24451] [client 127.0.0.1:53276] script '/var/www/apache/html/getcfg.php' not found or unable to stat
[Fri May 25 10:19:21.455451 2018] [:error] [pid 24450] [client 127.0.0.1:53278] script '/var/www/apache/html/getcfg.php' not found or unable to stat
[Mon May 28 01:30:23.346273 2018] [:error] [pid 1390] [client 127.0.0.1:54390] script '/var/www/apache/html/xmlrpc.php' not found or unable to stat
[Wed May 30 12:24:30.194492 2018] [:error] [pid 17225] [client 127.0.0.1:55944] script '/var/www/apache/html/command.php' not found or unable to stat
[Tue Jun 05 10:04:10.790634 2018] [:error] [pid 16387] [client 127.0.0.1:58654] script '/var/www/apache/html/getcfg.php' not found or unable to stat
[Tue Jun 05 10:04:17.392666 2018] [:error] [pid 16388] [client 127.0.0.1:58656] script '/var/www/apache/html/getcfg.php' not found or unable to stat
[Wed Jun 06 20:45:54.420918 2018] [:error] [pid 21354] [client 127.0.0.1:59466] script '/var/www/apache/html/l.php' not found or unable to stat, referer: http://54.68.88.61:80//l.php
[Mon Jun 11 14:19:35.656665 2018] [:error] [pid 16325] [client 127.0.0.1:32944] script '/var/www/apache/html/command.php' not found or unable to stat
[Sun Jun 17 12:48:39.513900 2018] [:error] [pid 10955] [client 127.0.0.1:38100] script '/var/www/apache/html/wuwu11.php' not found or unable to stat
[Sun Jun 17 12:48:40.089820 2018] [:error] [pid 10854] [client 127.0.0.1:38102] script '/var/www/apache/html/xw.php' not found or unable to stat
[Sun Jun 17 12:48:47.103151 2018] [:error] [pid 10856] [client 127.0.0.1:38104] script '/var/www/apache/html/xx.php' not found or unable to stat
[Sun Jun 17 12:48:47.579225 2018] [:error] [pid 10855] [client 127.0.0.1:38106] script '/var/www/apache/html/s.php' not found or unable to stat
[Sun Jun 17 12:48:48.074369 2018] [:error] [pid 10858] [client 127.0.0.1:38108] script '/var/www/apache/html/w.php' not found or unable to stat
[Sun Jun 17 12:48:48.541257 2018] [:error] [pid 10866] [client 127.0.0.1:38110] script '/var/www/apache/html/sheep.php' not found or unable to stat
[Sun Jun 17 17:48:57.098702 2018] [:error] [pid 10955] [client 127.0.0.1:38244] script '/var/www/apache/html/wuwu11.php' not found or unable to stat
[Sun Jun 17 17:48:57.640718 2018] [:error] [pid 10855] [client 127.0.0.1:38246] script '/var/www/apache/html/xw.php' not found or unable to stat
[Sun Jun 17 17:48:58.003353 2018] [:error] [pid 10856] [client 127.0.0.1:38248] script '/var/www/apache/html/xx.php' not found or unable to stat
[Sun Jun 17 17:49:10.164966 2018] [:error] [pid 10854] [client 127.0.0.1:38250] script '/var/www/apache/html/s.php' not found or unable to stat
[Sun Jun 17 17:49:10.520415 2018] [:error] [pid 10858] [client 127.0.0.1:38252] script '/var/www/apache/html/w.php' not found or unable to stat
[Sun Jun 17 17:49:10.866734 2018] [:error] [pid 10866] [client 127.0.0.1:38254] script '/var/www/apache/html/db.init.php' not found or unable to stat
[Sun Jun 17 17:49:11.299726 2018] [:error] [pid 10955] [client 127.0.0.1:38256] script '/var/www/apache/html/db_session.init.php' not found or unable to stat
[Sun Jun 17 17:49:26.485691 2018] [:error] [pid 10855] [client 127.0.0.1:38258] script '/var/www/apache/html/sheep.php' not found or unable to stat
[Tue Jun 19 16:06:00.298521 2018] [:error] [pid 20063] [client 127.0.0.1:39102] script '/var/www/apache/html/wuwu11.php' not found or unable to stat
[Tue Jun 19 16:06:00.683193 2018] [:error] [pid 20062] [client 127.0.0.1:39104] script '/var/www/apache/html/xw.php' not found or unable to stat
[Tue Jun 19 16:06:01.070580 2018] [:error] [pid 20142] [client 127.0.0.1:39106] script '/var/www/apache/html/xx.php' not found or unable to stat
[Tue Jun 19 16:06:01.719693 2018] [:error] [pid 20064] [client 127.0.0.1:39108] script '/var/www/apache/html/s.php' not found or unable to stat
[Tue Jun 19 16:06:02.071774 2018] [:error] [pid 21476] [client 127.0.0.1:39110] script '/var/www/apache/html/w.php' not found or unable to stat
[Tue Jun 19 16:06:14.610399 2018] [:error] [pid 20065] [client 127.0.0.1:39112] script '/var/www/apache/html/db.init.php' not found or unable to stat
[Tue Jun 19 16:06:14.994085 2018] [:error] [pid 20068] [client 127.0.0.1:39114] script '/var/www/apache/html/db_session.init.php' not found or unable to stat
[Tue Jun 19 16:06:15.374775 2018] [:error] [pid 20063] [client 127.0.0.1:39116] script '/var/www/apache/html/sheep.php' not found or unable to stat
[Thu Jun 21 01:52:16.196549 2018] [:error] [pid 25564] [client 127.0.0.1:39620] script '/var/www/apache/html/wuwu11.php' not found or unable to stat
[Thu Jun 21 01:52:16.688524 2018] [:error] [pid 26890] [client 127.0.0.1:39622] script '/var/www/apache/html/xw.php' not found or unable to stat
[Thu Jun 21 01:52:17.087326 2018] [:error] [pid 25175] [client 127.0.0.1:39624] script '/var/www/apache/html/xx.php' not found or unable to stat
[Thu Jun 21 01:52:17.479665 2018] [:error] [pid 25165] [client 127.0.0.1:39626] script '/var/www/apache/html/s.php' not found or unable to stat
[Thu Jun 21 01:52:17.830135 2018] [:error] [pid 25177] [client 127.0.0.1:39628] script '/var/www/apache/html/w.php' not found or unable to stat
[Thu Jun 21 01:52:18.214275 2018] [:error] [pid 25174] [client 127.0.0.1:39630] script '/var/www/apache/html/db.init.php' not found or unable to stat
[Thu Jun 21 01:52:18.572161 2018] [:error] [pid 25166] [client 127.0.0.1:39632] script '/var/www/apache/html/db_session.init.php' not found or unable to stat
[Thu Jun 21 01:52:18.929074 2018] [:error] [pid 25564] [client 127.0.0.1:39634] script '/var/www/apache/html/sheep.php' not found or unable to stat
[Fri Jun 22 16:02:36.823326 2018] [:error] [pid 2660] [client 127.0.0.1:40254] script '/var/www/apache/html/wuwu11.php' not found or unable to stat
[Fri Jun 22 16:02:37.392989 2018] [:error] [pid 2657] [client 127.0.0.1:40256] script '/var/www/apache/html/xw.php' not found or unable to stat
[Fri Jun 22 16:02:38.610250 2018] [:error] [pid 2669] [client 127.0.0.1:40258] script '/var/www/apache/html/xx.php' not found or unable to stat
[Fri Jun 22 16:02:39.418170 2018] [:error] [pid 3214] [client 127.0.0.1:40260] script '/var/www/apache/html/s.php' not found or unable to stat
[Fri Jun 22 16:02:39.821355 2018] [:error] [pid 3215] [client 127.0.0.1:40262] script '/var/www/apache/html/w.php' not found or unable to stat
[Fri Jun 22 16:02:40.405385 2018] [:error] [pid 2661] [client 127.0.0.1:40264] script '/var/www/apache/html/db.init.php' not found or unable to stat
[Fri Jun 22 16:02:52.957619 2018] [:error] [pid 2658] [client 127.0.0.1:40266] script '/var/www/apache/html/db_session.init.php' not found or unable to stat
[Fri Jun 22 16:02:53.360907 2018] [:error] [pid 2660] [client 127.0.0.1:40268] script '/var/www/apache/html/sheep.php' not found or unable to stat
[Sat Jun 23 12:11:42.218102 2018] [:error] [pid 7957] [client 127.0.0.1:40630] script '/var/www/apache/html/wuwu11.php' not found or unable to stat
[Sat Jun 23 12:11:42.620948 2018] [:error] [pid 7593] [client 127.0.0.1:40632] script '/var/www/apache/html/xw.php' not found or unable to stat
[Sat Jun 23 12:11:43.024953 2018] [:error] [pid 7598] [client 127.0.0.1:40634] script '/var/www/apache/html/xx.php' not found or unable to stat
[Sat Jun 23 12:11:43.460456 2018] [:error] [pid 7588] [client 127.0.0.1:40636] script '/var/www/apache/html/s.php' not found or unable to stat
[Sat Jun 23 12:11:45.465156 2018] [:error] [pid 7594] [client 127.0.0.1:40638] script '/var/www/apache/html/w.php' not found or unable to stat
[Sat Jun 23 12:11:46.135669 2018] [:error] [pid 7595] [client 127.0.0.1:40640] script '/var/www/apache/html/db.init.php' not found or unable to stat
[Sat Jun 23 12:11:46.529538 2018] [:error] [pid 7957] [client 127.0.0.1:40642] script '/var/www/apache/html/db_session.init.php' not found or unable to stat
[Sat Jun 23 12:11:46.934058 2018] [:error] [pid 7593] [client 127.0.0.1:40644] script '/var/www/apache/html/sheep.php' not found or unable to stat
[Sat Jun 23 21:26:24.478891 2018] [:error] [pid 7598] [client 127.0.0.1:40884] script '/var/www/apache/html/wuwu11.php' not found or unable to stat
[Sat Jun 23 21:26:24.959682 2018] [:error] [pid 7588] [client 127.0.0.1:40886] script '/var/www/apache/html/xw.php' not found or unable to stat
[Sat Jun 23 21:26:25.394973 2018] [:error] [pid 7594] [client 127.0.0.1:40888] script '/var/www/apache/html/xx.php' not found or unable to stat
[Sat Jun 23 21:26:26.056320 2018] [:error] [pid 7595] [client 127.0.0.1:40890] script '/var/www/apache/html/s.php' not found or unable to stat
[Sat Jun 23 21:26:26.590636 2018] [:error] [pid 7957] [client 127.0.0.1:40892] script '/var/www/apache/html/w.php' not found or unable to stat
[Sat Jun 23 21:26:27.151524 2018] [:error] [pid 7593] [client 127.0.0.1:40894] script '/var/www/apache/html/db.init.php' not found or unable to stat
[Sat Jun 23 21:26:27.654904 2018] [:error] [pid 7598] [client 127.0.0.1:40896] script '/var/www/apache/html/db_session.init.php' not found or unable to stat
[Sat Jun 23 21:26:28.123038 2018] [:error] [pid 7588] [client 127.0.0.1:40898] script '/var/www/apache/html/sheep.php' not found or unable to stat
[Sun Jun 24 01:17:06.632817 2018] [:error] [pid 7595] [client 127.0.0.1:41210] script '/var/www/apache/html/command.php' not found or unable to stat
[Sun Jun 24 03:32:16.556436 2018] [:error] [pid 7593] [client 127.0.0.1:41244] script '/var/www/apache/html/wuwu11.php' not found or unable to stat
[Sun Jun 24 03:32:19.894608 2018] [:error] [pid 7595] [client 127.0.0.1:41246] script '/var/www/apache/html/xw.php' not found or unable to stat
[Sun Jun 24 03:32:21.826433 2018] [:error] [pid 7598] [client 127.0.0.1:41248] script '/var/www/apache/html/xx.php' not found or unable to stat
[Sun Jun 24 03:32:24.527101 2018] [:error] [pid 7957] [client 127.0.0.1:41250] script '/var/www/apache/html/s.php' not found or unable to stat
[Sun Jun 24 03:32:27.837386 2018] [:error] [pid 7594] [client 127.0.0.1:41254] script '/var/www/apache/html/w.php' not found or unable to stat
[Sun Jun 24 03:32:29.331636 2018] [:error] [pid 7593] [client 127.0.0.1:41256] script '/var/www/apache/html/db.init.php' not found or unable to stat
[Sun Jun 24 03:32:31.025026 2018] [:error] [pid 7595] [client 127.0.0.1:41258] script '/var/www/apache/html/db_session.init.php' not found or unable to stat
[Sun Jun 24 03:32:37.526059 2018] [:error] [pid 7598] [client 127.0.0.1:41260] script '/var/www/apache/html/sheep.php' not found or unable to stat
[Sun Jun 24 06:06:29.820655 2018] [:error] [pid 7588] [client 127.0.0.1:41392] script '/var/www/apache/html/wuwu11.php' not found or unable to stat
[Sun Jun 24 06:06:30.260895 2018] [:error] [pid 7594] [client 127.0.0.1:41394] script '/var/www/apache/html/xw.php' not found or unable to stat
[Sun Jun 24 06:06:30.687990 2018] [:error] [pid 7593] [client 127.0.0.1:41396] script '/var/www/apache/html/xx.php' not found or unable to stat
[Sun Jun 24 06:06:43.261307 2018] [:error] [pid 7595] [client 127.0.0.1:41398] script '/var/www/apache/html/s.php' not found or unable to stat
[Sun Jun 24 06:06:44.534104 2018] [:error] [pid 7598] [client 127.0.0.1:41400] script '/var/www/apache/html/w.php' not found or unable to stat
[Sun Jun 24 06:06:44.944902 2018] [:error] [pid 7957] [client 127.0.0.1:41402] script '/var/www/apache/html/db.init.php' not found or unable to stat
[Sun Jun 24 06:06:45.519171 2018] [:error] [pid 7588] [client 127.0.0.1:41404] script '/var/www/apache/html/db_session.init.php' not found or unable to stat
[Sun Jun 24 06:06:45.962408 2018] [:error] [pid 7594] [client 127.0.0.1:41406] script '/var/www/apache/html/sheep.php' not found or unable to stat
[Sun Jun 24 19:55:45.090697 2018] [:error] [pid 12222] [client 127.0.0.1:41812] script '/var/www/apache/html/wuwu11.php' not found or unable to stat
[Sun Jun 24 19:55:46.282697 2018] [:error] [pid 12215] [client 127.0.0.1:41814] script '/var/www/apache/html/xw.php' not found or unable to stat
[Sun Jun 24 19:55:46.688218 2018] [:error] [pid 12217] [client 127.0.0.1:41816] script '/var/www/apache/html/xx.php' not found or unable to stat
[Sun Jun 24 19:55:47.743074 2018] [:error] [pid 12216] [client 127.0.0.1:41818] script '/var/www/apache/html/s.php' not found or unable to stat
[Sun Jun 24 19:55:48.135455 2018] [:error] [pid 12882] [client 127.0.0.1:41820] script '/var/www/apache/html/w.php' not found or unable to stat
[Sun Jun 24 19:55:49.180694 2018] [:error] [pid 12377] [client 127.0.0.1:41822] script '/var/www/apache/html/db.init.php' not found or unable to stat
[Sun Jun 24 19:55:49.594142 2018] [:error] [pid 12223] [client 127.0.0.1:41824] script '/var/www/apache/html/db_session.init.php' not found or unable to stat
[Sun Jun 24 19:55:50.567979 2018] [:error] [pid 12222] [client 127.0.0.1:41826] script '/var/www/apache/html/sheep.php' not found or unable to stat
[Tue Jun 26 12:22:13.753684 2018] [:error] [pid 21499] [client 127.0.0.1:42702] script '/var/www/apache/html/xmlrpc.php' not found or unable to stat
[Tue Jun 26 14:54:23.418965 2018] [:error] [pid 21499] [client 127.0.0.1:42750] script '/var/www/apache/html/setup.php' not found or unable to stat
[Thu Jun 28 20:20:36.677663 2018] [:error] [pid 30440] [client 127.0.0.1:43402] script '/var/www/apache/html/wuwu11.php' not found or unable to stat
[Thu Jun 28 20:20:37.064072 2018] [:error] [pid 30437] [client 127.0.0.1:43404] script '/var/www/apache/html/xw.php' not found or unable to stat
[Thu Jun 28 20:20:37.421353 2018] [:error] [pid 30436] [client 127.0.0.1:43406] script '/var/www/apache/html/xx.php' not found or unable to stat
[Thu Jun 28 20:20:37.815547 2018] [:error] [pid 30438] [client 127.0.0.1:43408] script '/var/www/apache/html/s.php' not found or unable to stat
[Thu Jun 28 20:20:39.265309 2018] [:error] [pid 30439] [client 127.0.0.1:43410] script '/var/www/apache/html/w.php' not found or unable to stat
[Thu Jun 28 20:20:39.740773 2018] [:error] [pid 30440] [client 127.0.0.1:43412] script '/var/www/apache/html/db.init.php' not found or unable to stat
[Thu Jun 28 20:20:40.121148 2018] [:error] [pid 30437] [client 127.0.0.1:43414] script '/var/www/apache/html/db_session.init.php' not found or unable to stat
[Thu Jun 28 20:20:40.482315 2018] [:error] [pid 30436] [client 127.0.0.1:43416] script '/var/www/apache/html/sheep.php' not found or unable to stat
[Fri Jun 29 03:07:41.889725 2018] [:error] [pid 30439] [client 127.0.0.1:43550] script '/var/www/apache/html/wuwu11.php' not found or unable to stat
[Fri Jun 29 03:07:42.318005 2018] [:error] [pid 30440] [client 127.0.0.1:43552] script '/var/www/apache/html/xw.php' not found or unable to stat
[Fri Jun 29 03:07:45.782802 2018] [:error] [pid 30437] [client 127.0.0.1:43554] script '/var/www/apache/html/s.php' not found or unable to stat
[Fri Jun 29 03:07:46.200822 2018] [:error] [pid 702] [client 127.0.0.1:43556] script '/var/www/apache/html/w.php' not found or unable to stat
[Fri Jun 29 03:07:46.626660 2018] [:error] [pid 30436] [client 127.0.0.1:43558] script '/var/www/apache/html/db.init.php' not found or unable to stat
[Fri Jun 29 03:07:47.486765 2018] [:error] [pid 30438] [client 127.0.0.1:43560] script '/var/www/apache/html/db_session.init.php' not found or unable to stat
[Fri Jun 29 03:07:48.515423 2018] [:error] [pid 30439] [client 127.0.0.1:43562] script '/var/www/apache/html/sheep.php' not found or unable to stat
[Fri Jun 29 07:57:35.373253 2018] [:error] [pid 2455] [client 127.0.0.1:43678] script '/var/www/apache/html/wuwu11.php' not found or unable to stat
[Fri Jun 29 07:57:35.738750 2018] [:error] [pid 2458] [client 127.0.0.1:43680] script '/var/www/apache/html/xw.php' not found or unable to stat
[Fri Jun 29 07:57:36.109304 2018] [:error] [pid 2456] [client 127.0.0.1:43682] script '/var/www/apache/html/xx.php' not found or unable to stat
[Fri Jun 29 07:57:36.474421 2018] [:error] [pid 2466] [client 127.0.0.1:43684] script '/var/www/apache/html/s.php' not found or unable to stat
[Fri Jun 29 07:57:36.841568 2018] [:error] [pid 2467] [client 127.0.0.1:43686] script '/var/www/apache/html/w.php' not found or unable to stat
[Fri Jun 29 07:57:37.210937 2018] [:error] [pid 2455] [client 127.0.0.1:43688] script '/var/www/apache/html/db.init.php' not found or unable to stat
[Fri Jun 29 07:57:37.562050 2018] [:error] [pid 2458] [client 127.0.0.1:43690] script '/var/www/apache/html/db_session.init.php' not found or unable to stat
[Fri Jun 29 07:57:37.933948 2018] [:error] [pid 2456] [client 127.0.0.1:43692] script '/var/www/apache/html/sheep.php' not found or unable to stat
[Sat Jun 30 19:52:38.322382 2018] [:error] [pid 7984] [client 127.0.0.1:44072] script '/var/www/apache/html/wuwu11.php' not found or unable to stat
[Sat Jun 30 19:52:38.728279 2018] [:error] [pid 7985] [client 127.0.0.1:44074] script '/var/www/apache/html/xw.php' not found or unable to stat
[Sat Jun 30 19:52:39.442099 2018] [:error] [pid 7993] [client 127.0.0.1:44076] script '/var/www/apache/html/xx.php' not found or unable to stat
[Sat Jun 30 19:52:40.194140 2018] [:error] [pid 7996] [client 127.0.0.1:44078] script '/var/www/apache/html/s.php' not found or unable to stat
[Sat Jun 30 19:52:41.545040 2018] [:error] [pid 7982] [client 127.0.0.1:44080] script '/var/www/apache/html/w.php' not found or unable to stat
[Sat Jun 30 19:52:41.959455 2018] [:error] [pid 8807] [client 127.0.0.1:44082] script '/var/www/apache/html/db.init.php' not found or unable to stat
[Sat Jun 30 19:52:42.378138 2018] [:error] [pid 7984] [client 127.0.0.1:44084] script '/var/www/apache/html/db_session.init.php' not found or unable to stat
[Sat Jun 30 19:52:42.783670 2018] [:error] [pid 7985] [client 127.0.0.1:44086] script '/var/www/apache/html/sheep.php' not found or unable to stat
[Sat Jun 30 20:38:35.028629 2018] [:error] [pid 7985] [client 127.0.0.1:44180] script '/var/www/apache/html/wuwu11.php' not found or unable to stat
[Sat Jun 30 20:38:45.135281 2018] [:error] [pid 7993] [client 127.0.0.1:44182] script '/var/www/apache/html/xw.php' not found or unable to stat
[Sat Jun 30 20:38:55.263970 2018] [:error] [pid 7996] [client 127.0.0.1:44184] script '/var/www/apache/html/xx.php' not found or unable to stat
[Sat Jun 30 20:38:55.388688 2018] [:error] [pid 7982] [client 127.0.0.1:44186] script '/var/www/apache/html/s.php' not found or unable to stat
[Sat Jun 30 20:38:55.519229 2018] [:error] [pid 8807] [client 127.0.0.1:44188] script '/var/www/apache/html/w.php' not found or unable to stat
[Sat Jun 30 20:38:55.634877 2018] [:error] [pid 7984] [client 127.0.0.1:44190] script '/var/www/apache/html/db.init.php' not found or unable to stat
[Sat Jun 30 20:38:55.755094 2018] [:error] [pid 7985] [client 127.0.0.1:44192] script '/var/www/apache/html/db_session.init.php' not found or unable to stat
[Sat Jun 30 20:38:55.868882 2018] [:error] [pid 7993] [client 127.0.0.1:44194] script '/var/www/apache/html/sheep.php' not found or unable to stat
[Mon Jul 02 11:46:01.779279 2018] [:error] [pid 17520] [client 127.0.0.1:44612] script '/var/www/apache/html/wuwu11.php' not found or unable to stat
[Mon Jul 02 11:46:02.150122 2018] [:error] [pid 17521] [client 127.0.0.1:44614] script '/var/www/apache/html/xw.php' not found or unable to stat
[Mon Jul 02 11:46:02.526784 2018] [:error] [pid 17522] [client 127.0.0.1:44616] script '/var/www/apache/html/xx.php' not found or unable to stat
[Mon Jul 02 11:46:02.903209 2018] [:error] [pid 17523] [client 127.0.0.1:44618] script '/var/www/apache/html/s.php' not found or unable to stat
[Mon Jul 02 11:46:03.273426 2018] [:error] [pid 17528] [client 127.0.0.1:44620] script '/var/www/apache/html/w.php' not found or unable to stat
[Mon Jul 02 11:46:03.655703 2018] [:error] [pid 17520] [client 127.0.0.1:44622] script '/var/www/apache/html/db.init.php' not found or unable to stat
[Mon Jul 02 11:46:04.049623 2018] [:error] [pid 17521] [client 127.0.0.1:44624] script '/var/www/apache/html/db_session.init.php' not found or unable to stat
[Mon Jul 02 11:46:04.442701 2018] [:error] [pid 17522] [client 127.0.0.1:44626] script '/var/www/apache/html/sheep.php' not found or unable to stat
[Tue Jul 03 08:32:55.490510 2018] [:error] [pid 22173] [client 127.0.0.1:44874] script '/var/www/apache/html/wuwu11.php' not found or unable to stat
[Tue Jul 03 08:32:55.664301 2018] [:error] [pid 22172] [client 127.0.0.1:44876] script '/var/www/apache/html/xw.php' not found or unable to stat
[Tue Jul 03 08:32:55.836520 2018] [:error] [pid 22171] [client 127.0.0.1:44878] script '/var/www/apache/html/wc.php' not found or unable to stat
[Tue Jul 03 08:32:56.009114 2018] [:error] [pid 22174] [client 127.0.0.1:44880] script '/var/www/apache/html/xx.php' not found or unable to stat
[Tue Jul 03 08:32:56.179957 2018] [:error] [pid 22165] [client 127.0.0.1:44882] script '/var/www/apache/html/s.php' not found or unable to stat
[Tue Jul 03 08:32:56.352939 2018] [:error] [pid 22173] [client 127.0.0.1:44884] script '/var/www/apache/html/w.php' not found or unable to stat
[Tue Jul 03 08:32:56.524766 2018] [:error] [pid 22172] [client 127.0.0.1:44886] script '/var/www/apache/html/db.init.php' not found or unable to stat
[Tue Jul 03 08:32:56.706812 2018] [:error] [pid 22171] [client 127.0.0.1:44888] script '/var/www/apache/html/db_session.init.php' not found or unable to stat
[Tue Jul 03 08:32:56.880411 2018] [:error] [pid 22174] [client 127.0.0.1:44890] script '/var/www/apache/html/sheep.php' not found or unable to stat
[Tue Jul 03 15:34:33.016215 2018] [:error] [pid 22171] [client 127.0.0.1:45026] script '/var/www/apache/html/wuwu11.php' not found or unable to stat, referer: http://54.68.88.61//wuwu11.php
[Tue Jul 03 15:34:33.161875 2018] [:error] [pid 22174] [client 127.0.0.1:45028] script '/var/www/apache/html/sheep.php' not found or unable to stat, referer: http://54.68.88.61//sheep.php
[Tue Jul 03 15:34:33.304138 2018] [:error] [pid 23884] [client 127.0.0.1:45030] script '/var/www/apache/html/s.php' not found or unable to stat, referer: http://54.68.88.61//s.php
[Tue Jul 03 15:34:33.448277 2018] [:error] [pid 22165] [client 127.0.0.1:45032] script '/var/www/apache/html/xx.php' not found or unable to stat, referer: http://54.68.88.61//xx.php
[Tue Jul 03 23:04:13.564464 2018] [:error] [pid 22171] [client 127.0.0.1:45084] script '/var/www/apache/html/p.php' not found or unable to stat, referer: http://54.68.88.61:80//p.php
[Wed Jul 04 12:41:44.088916 2018] [:error] [pid 26992] [client 127.0.0.1:45172] script '/var/www/apache/html/stuff.php' not found or unable to stat
[Thu Jul 05 10:31:39.125401 2018] [:error] [pid 31650] [client 127.0.0.1:45544] script '/var/www/apache/html/wuwu11.php' not found or unable to stat
[Thu Jul 05 10:31:39.517607 2018] [:error] [pid 31647] [client 127.0.0.1:45546] script '/var/www/apache/html/xw.php' not found or unable to stat
[Thu Jul 05 10:31:39.895742 2018] [:error] [pid 31642] [client 127.0.0.1:45548] script '/var/www/apache/html/xx.php' not found or unable to stat
[Thu Jul 05 10:31:40.930266 2018] [:error] [pid 31648] [client 127.0.0.1:45550] script '/var/www/apache/html/s.php' not found or unable to stat
[Thu Jul 05 10:31:41.313318 2018] [:error] [pid 32083] [client 127.0.0.1:45552] script '/var/www/apache/html/w.php' not found or unable to stat
[Thu Jul 05 10:31:41.692227 2018] [:error] [pid 31649] [client 127.0.0.1:45554] script '/var/www/apache/html/db.init.php' not found or unable to stat
[Thu Jul 05 10:31:42.074188 2018] [:error] [pid 31650] [client 127.0.0.1:45556] script '/var/www/apache/html/db_session.init.php' not found or unable to stat
[Thu Jul 05 10:31:43.114960 2018] [:error] [pid 31647] [client 127.0.0.1:45558] script '/var/www/apache/html/sheep.php' not found or unable to stat
[Sun Jul 08 05:11:19.392621 2018] [:error] [pid 8798] [client 127.0.0.1:46188] script '/var/www/apache/html/xw.php' not found or unable to stat
[Sun Jul 08 05:11:20.037884 2018] [:error] [pid 8792] [client 127.0.0.1:46190] script '/var/www/apache/html/xx.php' not found or unable to stat
[Sun Jul 08 05:11:20.647462 2018] [:error] [pid 8797] [client 127.0.0.1:46192] script '/var/www/apache/html/s.php' not found or unable to stat
[Sun Jul 08 05:11:21.282030 2018] [:error] [pid 9916] [client 127.0.0.1:46194] script '/var/www/apache/html/w.php' not found or unable to stat
[Sun Jul 08 05:11:21.862340 2018] [:error] [pid 8799] [client 127.0.0.1:46196] script '/var/www/apache/html/db.init.php' not found or unable to stat
[Sun Jul 08 05:11:25.487931 2018] [:error] [pid 8800] [client 127.0.0.1:46198] script '/var/www/apache/html/sheep.php' not found or unable to stat
[Mon Jul 09 02:25:24.277290 2018] [:error] [pid 13946] [client 127.0.0.1:46420] script '/var/www/apache/html/wuwu11.php' not found or unable to stat
[Mon Jul 09 02:25:24.632868 2018] [:error] [pid 13947] [client 127.0.0.1:46422] script '/var/www/apache/html/xw.php' not found or unable to stat
[Mon Jul 09 02:25:25.002751 2018] [:error] [pid 13950] [client 127.0.0.1:46424] script '/var/www/apache/html/xx.php' not found or unable to stat
[Mon Jul 09 02:25:25.602734 2018] [:error] [pid 13951] [client 127.0.0.1:46426] script '/var/www/apache/html/s.php' not found or unable to stat
[Mon Jul 09 02:25:27.057697 2018] [:error] [pid 13945] [client 127.0.0.1:46428] script '/var/www/apache/html/w.php' not found or unable to stat
[Mon Jul 09 02:25:28.137338 2018] [:error] [pid 13946] [client 127.0.0.1:46430] script '/var/www/apache/html/db.init.php' not found or unable to stat
[Mon Jul 09 02:25:28.511195 2018] [:error] [pid 13947] [client 127.0.0.1:46432] script '/var/www/apache/html/db_session.init.php' not found or unable to stat
[Mon Jul 09 02:25:28.890752 2018] [:error] [pid 13950] [client 127.0.0.1:46434] script '/var/www/apache/html/sheep.php' not found or unable to stat
[Mon Jul 09 22:53:03.140693 2018] [:error] [pid 19011] [client 127.0.0.1:46626] script '/var/www/apache/html/wuwu11.php' not found or unable to stat
[Mon Jul 09 22:53:04.177633 2018] [:error] [pid 19006] [client 127.0.0.1:46628] script '/var/www/apache/html/xw.php' not found or unable to stat
[Mon Jul 09 22:53:04.569353 2018] [:error] [pid 19012] [client 127.0.0.1:46630] script '/var/www/apache/html/xw1.php' not found or unable to stat
[Mon Jul 09 22:53:04.961019 2018] [:error] [pid 19951] [client 127.0.0.1:46632] script '/var/www/apache/html/9678.php' not found or unable to stat
[Mon Jul 09 22:53:05.412731 2018] [:error] [pid 19014] [client 127.0.0.1:46634] script '/var/www/apache/html/wc.php' not found or unable to stat
[Mon Jul 09 22:53:05.805028 2018] [:error] [pid 19013] [client 127.0.0.1:46636] script '/var/www/apache/html/xx.php' not found or unable to stat
[Mon Jul 09 22:53:06.195624 2018] [:error] [pid 19011] [client 127.0.0.1:46638] script '/var/www/apache/html/s.php' not found or unable to stat
[Mon Jul 09 22:53:06.585986 2018] [:error] [pid 19006] [client 127.0.0.1:46640] script '/var/www/apache/html/w.php' not found or unable to stat
[Mon Jul 09 22:53:06.976505 2018] [:error] [pid 19012] [client 127.0.0.1:46642] script '/var/www/apache/html/sheep.php' not found or unable to stat
[Mon Jul 09 22:53:07.366533 2018] [:error] [pid 19951] [client 127.0.0.1:46644] script '/var/www/apache/html/db.init.php' not found or unable to stat
[Mon Jul 09 22:53:08.380752 2018] [:error] [pid 19014] [client 127.0.0.1:46646] script '/var/www/apache/html/db_session.init.php' not found or unable to stat
[Mon Jul 09 22:53:08.772698 2018] [:error] [pid 19013] [client 127.0.0.1:46648] script '/var/www/apache/html/db__.init.php' not found or unable to stat
[Mon Jul 09 22:53:09.163753 2018] [:error] [pid 19011] [client 127.0.0.1:46650] script '/var/www/apache/html/mx.php' not found or unable to stat
[Mon Jul 09 22:53:10.084820 2018] [:error] [pid 19006] [client 127.0.0.1:46652] script '/var/www/apache/html/7788.php' not found or unable to stat
[Mon Jul 09 22:53:10.477208 2018] [:error] [pid 19012] [client 127.0.0.1:46654] script '/var/www/apache/html/8899.php' not found or unable to stat
[Mon Jul 09 22:53:10.866699 2018] [:error] [pid 19951] [client 127.0.0.1:46656] script '/var/www/apache/html/wshell.php' not found or unable to stat
[Mon Jul 09 22:53:11.256681 2018] [:error] [pid 19014] [client 127.0.0.1:46658] script '/var/www/apache/html/xshell.php' not found or unable to stat
[Mon Jul 09 22:53:11.647949 2018] [:error] [pid 19013] [client 127.0.0.1:46660] script '/var/www/apache/html/qq.php' not found or unable to stat
[Mon Jul 09 22:53:15.055271 2018] [:error] [pid 19011] [client 127.0.0.1:46662] script '/var/www/apache/html/lindex.php' not found or unable to stat
[Mon Jul 09 22:53:15.445226 2018] [:error] [pid 19006] [client 127.0.0.1:46664] script '/var/www/apache/html/phpstudy.php' not found or unable to stat
[Mon Jul 09 22:53:18.850822 2018] [:error] [pid 19012] [client 127.0.0.1:46666] script '/var/www/apache/html/feixiang.php' not found or unable to stat
[Mon Jul 09 22:53:19.241616 2018] [:error] [pid 19951] [client 127.0.0.1:46668] script '/var/www/apache/html/ak47.php' not found or unable to stat
[Mon Jul 09 22:53:19.632216 2018] [:error] [pid 19014] [client 127.0.0.1:46670] script '/var/www/apache/html/xiaoma.php' not found or unable to stat
[Tue Jul 10 04:49:29.664671 2018] [:error] [pid 19006] [client 127.0.0.1:46970] script '/var/www/apache/html/wuwu11.php' not found or unable to stat
[Tue Jul 10 04:49:30.238333 2018] [:error] [pid 19013] [client 127.0.0.1:46972] script '/var/www/apache/html/xw.php' not found or unable to stat
[Tue Jul 10 04:49:31.432558 2018] [:error] [pid 19011] [client 127.0.0.1:46974] script '/var/www/apache/html/wc.php' not found or unable to stat
[Tue Jul 10 04:49:32.778819 2018] [:error] [pid 19014] [client 127.0.0.1:46976] script '/var/www/apache/html/xx.php' not found or unable to stat
[Tue Jul 10 04:49:33.364128 2018] [:error] [pid 19951] [client 127.0.0.1:46978] script '/var/www/apache/html/s.php' not found or unable to stat
[Tue Jul 10 04:49:34.044067 2018] [:error] [pid 19012] [client 127.0.0.1:46980] script '/var/www/apache/html/w.php' not found or unable to stat
[Tue Jul 10 04:49:35.587144 2018] [:error] [pid 19006] [client 127.0.0.1:46982] script '/var/www/apache/html/db.init.php' not found or unable to stat
[Tue Jul 10 04:49:37.071267 2018] [:error] [pid 19013] [client 127.0.0.1:46984] script '/var/www/apache/html/db_session.init.php' not found or unable to stat
[Tue Jul 10 04:49:37.687090 2018] [:error] [pid 19011] [client 127.0.0.1:46986] script '/var/www/apache/html/sheep.php' not found or unable to stat
[Tue Jul 10 09:21:05.115056 2018] [:error] [pid 23995] [client 127.0.0.1:47118] script '/var/www/apache/html/wuwu11.php' not found or unable to stat
[Tue Jul 10 09:21:06.105753 2018] [:error] [pid 23997] [client 127.0.0.1:47120] script '/var/www/apache/html/xw.php' not found or unable to stat
[Tue Jul 10 09:21:06.158926 2018] [:error] [pid 23998] [client 127.0.0.1:47122] script '/var/www/apache/html/9678.php' not found or unable to stat
[Tue Jul 10 09:21:06.222453 2018] [:error] [pid 23999] [client 127.0.0.1:47124] script '/var/www/apache/html/wc.php' not found or unable to stat
[Tue Jul 10 09:21:06.285424 2018] [:error] [pid 23996] [client 127.0.0.1:47126] script '/var/www/apache/html/xx.php' not found or unable to stat
[Tue Jul 10 09:21:13.871219 2018] [:error] [pid 23995] [client 127.0.0.1:47128] script '/var/www/apache/html/w.php' not found or unable to stat
[Tue Jul 10 09:21:14.855471 2018] [:error] [pid 23997] [client 127.0.0.1:47130] script '/var/www/apache/html/qq.php' not found or unable to stat
[Tue Jul 10 09:21:14.910065 2018] [:error] [pid 23998] [client 127.0.0.1:47132] script '/var/www/apache/html/phpstudy.php' not found or unable to stat
[Tue Jul 10 09:21:14.973656 2018] [:error] [pid 23999] [client 127.0.0.1:47134] script '/var/www/apache/html/weixiao.php' not found or unable to stat
[Tue Jul 10 09:21:15.401934 2018] [:error] [pid 23996] [client 127.0.0.1:47136] script '/var/www/apache/html/feixiang.php' not found or unable to stat
[Tue Jul 10 09:21:15.457816 2018] [:error] [pid 23995] [client 127.0.0.1:47138] script '/var/www/apache/html/db.init.php' not found or unable to stat
[Tue Jul 10 09:21:15.520179 2018] [:error] [pid 23997] [client 127.0.0.1:47140] script '/var/www/apache/html/db_session.init.php' not found or unable to stat
[Tue Jul 10 09:21:15.581675 2018] [:error] [pid 23998] [client 127.0.0.1:47142] script '/var/www/apache/html/sheep.php' not found or unable to stat
[Tue Jul 10 09:21:18.659298 2018] [:error] [pid 23999] [client 127.0.0.1:47144] script '/var/www/apache/html/7788.php' not found or unable to stat
[Tue Jul 10 23:31:46.122625 2018] [:error] [pid 23996] [client 127.0.0.1:47384] script '/var/www/apache/html/wuwu11.php' not found or unable to stat
[Tue Jul 10 23:31:47.101984 2018] [:error] [pid 23995] [client 127.0.0.1:47386] script '/var/www/apache/html/xw.php' not found or unable to stat
[Tue Jul 10 23:31:53.525513 2018] [:error] [pid 23997] [client 127.0.0.1:47388] script '/var/www/apache/html/wc.php' not found or unable to stat
[Tue Jul 10 23:31:55.801232 2018] [:error] [pid 24944] [client 127.0.0.1:47390] script '/var/www/apache/html/xx.php' not found or unable to stat
[Tue Jul 10 23:31:57.835642 2018] [:error] [pid 23998] [client 127.0.0.1:47392] script '/var/www/apache/html/s.php' not found or unable to stat
[Tue Jul 10 23:32:08.653557 2018] [:error] [pid 23999] [client 127.0.0.1:47394] script '/var/www/apache/html/w.php' not found or unable to stat
[Tue Jul 10 23:32:09.939894 2018] [:error] [pid 23996] [client 127.0.0.1:47396] script '/var/www/apache/html/sheep.php' not found or unable to stat
[Tue Jul 10 23:32:10.316557 2018] [:error] [pid 23995] [client 127.0.0.1:47398] script '/var/www/apache/html/db.init.php' not found or unable to stat
[Tue Jul 10 23:32:11.733654 2018] [:error] [pid 23997] [client 127.0.0.1:47400] script '/var/www/apache/html/db_session.init.php' not found or unable to stat
[Tue Jul 10 23:32:12.885189 2018] [:error] [pid 24944] [client 127.0.0.1:47402] script '/var/www/apache/html/db__.init.php' not found or unable to stat
[Tue Jul 10 23:32:14.131740 2018] [:error] [pid 23998] [client 127.0.0.1:47404] script '/var/www/apache/html/mx.php' not found or unable to stat
[Tue Jul 10 23:32:17.150119 2018] [:error] [pid 23999] [client 127.0.0.1:47406] script '/var/www/apache/html/7788.php' not found or unable to stat
[Tue Jul 10 23:32:18.118160 2018] [:error] [pid 23996] [client 127.0.0.1:47408] script '/var/www/apache/html/8899.php' not found or unable to stat
[Tue Jul 10 23:32:18.528769 2018] [:error] [pid 23995] [client 127.0.0.1:47410] script '/var/www/apache/html/wshell.php' not found or unable to stat
[Tue Jul 10 23:32:21.174793 2018] [:error] [pid 23997] [client 127.0.0.1:47412] script '/var/www/apache/html/xshell.php' not found or unable to stat
